2026/05/25 10:51:46 10.0.0.55 GET /api/products 502 2234
2026-05-25T05:23:12.292Z 172.16.0.1 PUT /api/login 200 1619
2026-05-24T18:38:26.730Z 172.16.0.1 GET /api/admin 401 1929
2026/05/25 16:25:17 192.168.1.42 PUT /api/admin 400 1262
2026-05-24T21:20:17.846Z 172.16.0.1 PUT /api/products/5 201 1777ms
2026/05/25 14:55:39 192.168.1.42 PUT /api/orders 401 1527
25-May-2026 16:46:48 192.168.1.100 GET /api/products 502 2567ms
2026/05/24 19:12:56 192.168.1.42 DELETE /api/users/12 201 1194
24-May-2026 19:39:10 172.16.0.1 POST /api/products 400 2.519s
25-May-2026 04:45:24 192.168.1.100 PUT /api/orders 301 76
25-May-2026 05:16:46 10.0.0.55 DELETE /api/products/5 404 494
2026-05-25T05:38:42.165Z 10.0.0.7 PUT /api/orders 200 2410
25-May-2026 21:35:13 10.0.0.55 GET /api/products/5 401 2860
24-May-2026 18:45:27 10.0.0.55 PATCH /api/products/5 502 2243ms
2026-05-24T23:39:42.312Z 172.16.0.1 DELETE /api/admin 200 1805
1779725211 192.168.1.42 GET /health 404 1642ms
25-May-2026 17:49:57 192.168.1.100 GET /api/logout 200 802ms
2026-05-25T03:21:53.131Z 192.168.1.42 GET /api/logout 200 2865ms
2026-05-25T10:12:03.356Z 10.0.0.55 DELETE /api/products/5 404 1163ms
1779720026 10.0.0.55 GET /api/users/12 201 0.649s
{"timestamp":"2026-05-25T18:06:15.710Z","ip":"172.16.0.1","method":"PUT","path":"/api/orders","status":404,"responseTime":1518}
1779655152 192.168.1.42 GET /api/users 401 2639ms
2026-05-25T10:33:25.824Z 10.0.0.55 PATCH /health 403 2933
25-May-2026 04:11:53 192.168.1.100 DELETE /api/orders 404 2.878s
2026/05/24 19:02:22 10.0.0.55 DELETE /api/users 403 1.759s
1779646475 192.168.1.100 PATCH /api/products 502 2.912s
1779682080 192.168.1.100 POST /health 200 2.677s
2026/05/24 18:43:16 10.0.0.55 DELETE /api/admin 500 1.343s
2026-05-25T04:20:12.724Z 10.0.0.7 DELETE /api/login 400 2.938s
2026/05/25 01:11:03 192.168.1.100 GET /api/products 201 1.527s
1779714950 172.16.0.1 PATCH /api/users 200 2263ms
24-May-2026 20:58:58 192.168.1.42 PUT /api/products 502 2611
1779653136 192.168.1.100 PUT /api/products/5 502 2548
2026-05-25T16:52:49.961Z 10.0.0.7 DELETE /health 403 2798
2026/05/25 09:40:23 10.0.0.7 DELETE /api/users 404 0.710s
25-May-2026 23:54:14 192.168.1.42 DELETE /api/logout 403 2916
1779720899 10.0.0.7 PATCH /api/products/5 404 98ms
2026/05/25 05:16:17 10.0.0.7 DELETE /api/orders 301 808ms
2026-05-25T10:24:25.553Z 10.0.0.55 DELETE /api/products 200 797
2026/05/25 01:32:09 10.0.0.7 POST /api/users/12 201 1551ms
2026/05/25 00:08:59 192.168.1.100 GET /api/admin 400 1834ms
2026/05/25 17:09:33 192.168.1.100 PUT /api/users/12 502 793ms
25-May-2026 14:57:32 192.168.1.100 PUT /api/products 400 1617ms
2026/05/25 00:29:41 10.0.0.7 GET /api/orders 404 1.767s
2026-05-24T21:00:37.574Z 192.168.1.100 DELETE /api/users/12 301 2129ms
2026/05/25 07:23:41 172.16.0.1 DELETE /api/login 200 0.604s
GET /api/users
   
25-May-2026 21:51:55 192.168.1.100 GET /health 201 1879ms
1779659690 192.168.1.100 PATCH /api/logout 200 232ms
1779723316 192.168.1.42 GET /api/orders 403 2.096s
{"timestamp":"2026-05-25T18:06:15.711Z","ip":"192.168.1.42","method":"POST","path":"/api/logout","status":200,"responseTime":1512}
25-May-2026 22:48:13 192.168.1.100 DELETE /api/products/5 400 1.693s
2026/05/25 15:42:39 192.168.1.100 PUT /api/login 200 0.810s
25-May-2026 04:42:01 10.0.0.7 POST /api/login 301 1.066s
2026/05/25 14:51:09 10.0.0.7 PATCH /api/users/12 404 2438
2026-05-25T15:36:49.364Z 10.0.0.55 POST /api/products 200 2.228s
25-May-2026 23:37:28 192.168.1.100 DELETE /api/users 200 1229
25-May-2026 07:55:12 192.168.1.100 POST /api/products/5 502 2252
2026-05-24T23:40:01.916Z 10.0.0.7 PUT /api/products/5 502 483
25-May-2026 17:26:56 192.168.1.42 POST /api/users/12 301 2.751s
25-May-2026 15:51:03 10.0.0.55 PATCH /api/login 201 0.021s
1779695061 192.168.1.100 GET /api/users/12 400 743ms
1779656577 10.0.0.7 POST /api/products/5 500 1.719s
{"timestamp":"2026-05-25T18:06:15.712Z","ip":"192.168.1.100","method":"GET","path":"/api/users","status":301,"responseTime":787}
2026-05-25T17:13:38.999Z 172.16.0.1 POST /api/logout 502 928
2026-05-25T15:19:36.721Z 172.16.0.1 PUT /api/admin 201 1.268s
{"timestamp":"2026-05-25T18:06:15.712Z","ip":"10.0.0.55","method":"GET","path":"/health","status":301,"responseTime":2599}
1779688232 192.168.1.42 PATCH /health 500 1.390s
1779666095 192.168.1.100 PATCH /api/products 400 1552ms
24-May-2026 20:50:55 10.0.0.7 POST /api/products 500 142ms
2026/05/25 06:35:07 192.168.1.100 POST /api/logout 200 2382ms
25-May-2026 12:10:43 10.0.0.7 POST /api/products/5 500 1585
1779714309 172.16.0.1 DELETE /api/login 400 1.582s
2026-05-25T11:04:31.796Z 10.0.0.55 POST /api/logout 400 299ms
2026/05/25 01:21:30 192.168.1.100 POST /api/users/12 404 2248ms
2026/05/24 21:59:02 10.0.0.55 PATCH /api/login 400 1603ms
25-May-2026 04:56:30 10.0.0.7 DELETE /api/users/12 400 2.277s
2026/05/24 19:05:49 192.168.1.42 POST /api/users 201 2833
2026-05-25T01:43:22.381Z 10.0.0.7 GET /api/logout 401 2561
2026/05/25 00:04:55 172.16.0.1 POST /api/orders 403 1.346s
2026-05-25T10:54:59.233Z 10.0.0.55 POST /api/users 401 820ms
2026-05-25T16:01:13.916Z 10.0.0.7 DELETE /health 404 513ms
25-May-2026 21:10:24 172.16.0.1 DELETE /api/admin 404 1877
2026-05-25T13:59:52.965Z 10.0.0.55 PATCH /api/users 301 1641ms
2026-05-25T13:30:28.278Z 172.16.0.1 PATCH /api/products 200 471
2026-05-25T12:27:18.781Z 172.16.0.1 POST /api/products 301 1.854s
2024-03-15 INCOMPLETE
1779646619 10.0.0.55 POST /api/admin 200 2.809s
25-May-2026 13:31:23 10.0.0.7 PUT /api/users 200 2.192s
25-May-2026 17:48:06 10.0.0.7 DELETE /api/users 502 1080
2026/05/25 12:35:40 192.168.1.100 POST /api/products/5 404 1006
25-May-2026 07:44:29 172.16.0.1 PATCH /api/products 400 1082
25-May-2026 23:11:46 10.0.0.55 PUT /health 502 0.930s
2026/05/25 15:21:23 10.0.0.7 POST /api/users 201 844
2026-05-25T13:00:42.863Z 172.16.0.1 GET /api/login 401 468ms
2026-05-25T11:27:40.532Z 172.16.0.1 PUT /api/orders 502 1006
2026-05-25T11:12:27.850Z 10.0.0.55 DELETE /api/login 403 165ms
1779678383 192.168.1.42 PATCH /api/products/5 502 609ms
2026/05/25 09:12:37 10.0.0.7 PUT /api/users/12 201 1254
2026/05/25 10:46:11 10.0.0.55 POST /api/login 500 1843
2026/05/25 00:53:05 10.0.0.7 DELETE /api/orders 301 345
2026-05-25T14:49:28.159Z 10.0.0.55 DELETE /api/users/12 502 0.306s
2026/05/25 15:49:06 10.0.0.7 PUT /api/orders 401 1.901s
25-May-2026 13:38:06 172.16.0.1 GET /health 200 917
2026-05-25T12:19:05.943Z 10.0.0.7 DELETE /health 201 0.485s
25-May-2026 10:34:41 10.0.0.55 PATCH /api/admin 400 0.026s
25-May-2026 08:40:38 172.16.0.1 PUT /api/admin 403 45ms
2026-05-25T05:06:43.205Z 192.168.1.100 PUT /api/users/12 200 807
25-May-2026 00:36:11 172.16.0.1 DELETE /api/users/12 404 835
2026/05/25 00:42:20 10.0.0.7 PATCH /api/products/5 502 296
2026/05/25 15:10:19 10.0.0.55 PUT /api/admin 502 2292ms
2026-05-25T07:40:08.757Z 172.16.0.1 PUT /api/products 404 138ms
2026/05/24 22:13:34 172.16.0.1 DELETE /api/admin 400 1952
25-May-2026 11:22:48 10.0.0.7 GET /api/login 400 1515
24-May-2026 19:43:51 10.0.0.7 PUT /api/logout 500 351ms
2026/05/25 05:42:51 10.0.0.55 DELETE /api/products/5 200 156
1779650085 192.168.1.100 PUT /api/login 200 572
2026/05/25 09:37:25 10.0.0.55 GET /api/logout 201 249ms
2026/05/25 13:22:28 192.168.1.100 POST /api/login 401 0.836s
2026/05/25 00:38:55 192.168.1.42 PUT /api/logout 200 1562ms
2026-05-25T02:44:36.264Z 172.16.0.1 PATCH /api/users/12 200 1538ms
GET /api/users
2026-05-25T02:34:50.232Z 172.16.0.1 PATCH /api/admin 400 737ms
2026-05-24T23:45:56.967Z 10.0.0.7 PUT /api/products 200 2.904s
1779724259 172.16.0.1 GET /api/admin 404 0.905s
2026/05/25 12:41:39 10.0.0.55 GET /api/orders 500 330
2026-05-24T22:06:49.885Z 192.168.1.42 GET /api/users/12 200 92
1779707258 192.168.1.42 PATCH /api/users 200 1377ms
2026-05-24T22:37:22.520Z 192.168.1.42 PATCH /api/products/5 403 1.418s
1779709395 192.168.1.100 PATCH /api/users/12 200 1661ms
{"timestamp":"2026-05-25T18:06:15.714Z","ip":"172.16.0.1","method":"POST","path":"/api/login","status":404,"responseTime":1841}
1779674781 172.16.0.1 GET /api/admin 201 1024
{"timestamp":"2026-05-25T18:06:15.714Z","ip":"192.168.1.42","method":"DELETE","path":"/api/orders","status":200,"responseTime":2047}
2026/05/25 17:36:14 10.0.0.55 PATCH /api/products/5 400 2940ms
25-May-2026 10:14:55 192.168.1.100 DELETE /api/users 200 0.450s
2026-05-25T11:50:43.266Z 192.168.1.42 DELETE /api/products 403 2172
25-May-2026 21:23:38 10.0.0.7 POST /api/products/5 200 1821ms
24-May-2026 19:17:25 10.0.0.55 PUT /api/users 301 1.678s
2026/05/25 14:28:18 192.168.1.42 POST /api/users 400 38
25-May-2026 04:16:22 192.168.1.42 DELETE /api/logout 403 2576
2026/05/25 05:03:25 172.16.0.1 PUT /health 403 0.803s
2026-05-25T14:17:31.592Z 172.16.0.1 DELETE /api/products 200 2.180s
25-May-2026 03:09:42 192.168.1.100 GET /api/admin 403 2.466s
25-May-2026 13:12:00 192.168.1.42 DELETE /api/admin 401 1297
2026/05/24 18:45:35 192.168.1.100 POST /api/login 200 2040
2026-05-25T02:16:22.893Z 10.0.0.55 PATCH /health 301 0.111s
24-May-2026 19:37:52 10.0.0.55 DELETE /api/products/5 502 2366
1779688143 10.0.0.7 DELETE /api/users/12 403 709ms
1779696495 192.168.1.42 POST /api/login 400 2456
2026/05/25 03:48:42 10.0.0.7 GET /api/users/12 401 0.296s
2026-05-25T05:13:07.393Z 10.0.0.7 GET /api/admin 502 1036ms
2024-03-15 INCOMPLETE
1779721823 172.16.0.1 DELETE /api/admin 403 1.433s
1779646926 172.16.0.1 GET /api/users/12 200 1718
1779654986 172.16.0.1 PATCH /api/logout 200 1350
25-May-2026 03:56:17 192.168.1.100 DELETE /api/logout 200 2473
2026/05/24 19:00:37 10.0.0.7 PATCH /api/admin 201 2547ms
25-May-2026 04:42:20 192.168.1.100 PUT /api/users/12 404 2860
1779656558 10.0.0.55 GET /api/login 200 488ms
2026-05-25T10:50:39.231Z 192.168.1.42 DELETE /api/users/12 201 0.284s
2026/05/25 10:58:36 172.16.0.1 POST /api/products 502 2292ms
1779707972 10.0.0.7 PUT /api/admin 404 1414
2026/05/25 17:37:50 192.168.1.100 DELETE /health 301 1951ms
2026/05/25 05:47:12 10.0.0.7 PATCH /api/users/12 502 2244
2026-05-25T11:19:50.095Z 10.0.0.55 PUT /api/users 500 1.386s
1779653038 192.168.1.42 GET /health 200 2094ms
1779663613 192.168.1.42 POST /api/users/12 200 820
2026-05-24T22:39:45.732Z 192.168.1.100 DELETE /health 301 2383ms
2026/05/24 19:46:34 10.0.0.55 PATCH /api/login 201 1358
2026-05-25T14:24:32.718Z 10.0.0.55 DELETE /api/products 201 0.801s
{"timestamp":"2026-05-25T18:06:15.715Z","ip":"192.168.1.42","method":"PUT","path":"/api/products/5","status":404,"responseTime":2779}
2026/05/25 02:13:25 10.0.0.55 GET /api/admin 400 2.259s
2026-05-24T23:45:28.542Z 10.0.0.7 PATCH /api/login 201 1480
2026-05-25T17:58:42.361Z 10.0.0.55 POST /api/users 401 2683ms
2026-05-25T03:58:03.272Z 10.0.0.7 PATCH /api/users 400 1060ms
25-May-2026 04:49:11 10.0.0.55 PUT /api/orders 200 1.017s
1779677157 172.16.0.1 DELETE /api/admin 502 0.154s
1779691737 192.168.1.100 POST /api/products/5 200 2.441s
2026-05-25T14:59:33.050Z 172.16.0.1 POST /api/admin 200 2288
25-May-2026 02:13:30 172.16.0.1 DELETE /health 400 2.082s
2026/05/25 02:45:08 10.0.0.7 POST /api/login 400 2606
1779709362 192.168.1.100 POST /api/login 500 1.244s
2026-05-25T02:31:33.859Z 192.168.1.100 PUT /health 200 0.442s
2026-05-25T05:23:07.354Z 192.168.1.100 PATCH /api/admin 500 487
1779720531 10.0.0.7 DELETE /api/orders 200 0.896s
25-May-2026 14:47:09 10.0.0.7 PATCH /api/products 400 2177ms
2026/05/25 10:44:43 192.168.1.100 DELETE /api/users 200 0.986s
25-May-2026 17:47:19 10.0.0.7 PUT /api/users 200 2704ms
2026/05/25 04:57:45 10.0.0.55 PUT /api/login 403 544
2026/05/24 20:24:31 172.16.0.1 DELETE /api/products/5 200 1.386s
at java.lang.Thread.run(Thread.java:748)
2026/05/25 03:53:27 10.0.0.7 GET /api/users 301 294ms

2026-05-24T18:36:40.496Z 10.0.0.55 GET /api/users/12 201 2604ms
25-May-2026 05:18:16 10.0.0.55 PATCH /api/users/12 301 2706ms
25-May-2026 17:20:59 192.168.1.100 PUT /api/users/12 403 1.475s
25-May-2026 14:18:02 192.168.1.100 GET /api/products/5 404 587ms
1779666879 192.168.1.100 DELETE /api/admin 400 2826
24-May-2026 19:22:16 192.168.1.42 PUT /api/users 403 1271
1779700627 192.168.1.100 DELETE /api/admin 200 1.141s
2026-05-25T08:15:53.660Z 192.168.1.100 PUT /health 403 0.284s
2026-05-25T13:32:01.201Z 172.16.0.1 GET /api/products/5 403 2.695s
2026/05/25 03:07:00 10.0.0.7 PATCH /api/admin 301 1230ms
2026-05-25T07:43:49.107Z 192.168.1.100 DELETE /api/orders 400 2184ms
2026/05/24 22:45:59 10.0.0.55 GET /api/users 201 206ms
2026/05/25 12:34:49 10.0.0.7 POST /api/login 200 0.164s
2026-05-24T21:12:47.067Z 192.168.1.42 GET /api/products/5 400 1.027s
2024-03-15 INCOMPLETE
1779710570 172.16.0.1 PUT /health 403 1.922s
2026-05-25T16:52:48.470Z 192.168.1.42 PUT /api/users/12 502 579ms
1779730188 192.168.1.100 GET /api/login 301 987
1779669683 10.0.0.7 POST /api/admin 500 1328ms
24-May-2026 19:35:34 172.16.0.1 PUT /api/admin 401 2.140s
25-May-2026 14:56:20 10.0.0.7 DELETE /api/products 201 594ms
2026-05-25T00:11:51.030Z 192.168.1.100 DELETE /api/users 400 2518ms
2026/05/25 06:00:23 10.0.0.55 GET /health 403 2.265s
2026/05/24 20:43:29 192.168.1.42 PUT /api/products/5 301 2.771s
24-May-2026 19:31:01 192.168.1.42 PATCH /api/admin 400 0.928s
2026/05/25 04:06:43 10.0.0.55 POST /api/login 200 1729
{"timestamp":"2026-05-25T18:06:15.716Z","ip":"192.168.1.42","method":"PUT","path":"/api/orders","status":404,"responseTime":452}
2026/05/25 01:51:36 192.168.1.100 GET /api/products/5 301 1364
1779646104 172.16.0.1 PATCH /api/orders 502 0.516s
25-May-2026 16:52:55 10.0.0.55 GET /api/orders 404 29
1779721182 172.16.0.1 GET /api/products/5 403 1125

1779674609 10.0.0.55 PUT /api/products/5 200 1797
1779715921 10.0.0.7 PATCH /api/products/5 403 0.899s
   
25-May-2026 15:02:01 172.16.0.1 DELETE /api/orders 500 0.483s
2024-03-15 INCOMPLETE
1779652479 10.0.0.7 PATCH /health 200 1.271s
25-May-2026 03:23:36 172.16.0.1 PATCH /api/users/12 200 230
2026-05-24T23:18:03.554Z 10.0.0.55 PUT /api/admin 200 2019
2026/05/25 07:40:32 192.168.1.100 PATCH /api/login 400 2384ms
1779671088 10.0.0.7 PUT /api/login 400 306
BROKEN LINE $$$ ###
1779671080 192.168.1.42 GET /api/admin 201 2529ms
1779687885 10.0.0.7 POST /api/products 200 2.627s
2026-05-25T17:53:51.819Z 172.16.0.1 GET /api/orders 401 2.573s
25-May-2026 04:20:34 192.168.1.100 GET /api/users/12 200 1.336s
2026/05/24 19:02:39 192.168.1.42 PATCH /api/orders 301 109
2026/05/25 02:28:43 10.0.0.7 POST /api/products 200 1.562s
2026/05/24 19:25:53 10.0.0.7 GET /api/users 200 1839ms
2026-05-24T18:25:04.884Z 10.0.0.55 PATCH /api/products/5 200 1000ms
1779682762 172.16.0.1 GET /api/users 500 1958ms
{"timestamp":"2026-05-25T18:06:15.717Z","ip":"192.168.1.42","method":"GET","path":"/api/products/5","status":500,"responseTime":2505}
2026-05-25T08:55:33.915Z 10.0.0.7 PATCH /api/login 201 1264
2026/05/24 20:35:30 10.0.0.55 GET /api/login 400 2169ms
1779664073 192.168.1.42 DELETE /api/admin 200 0.488s
{"timestamp":"2026-05-25T18:06:15.717Z","ip":"192.168.1.42","method":"PATCH","path":"/api/users/12","status":502,"responseTime":843}
1779723627 10.0.0.55 PATCH /health 301 0.138s
25-May-2026 22:27:12 192.168.1.100 PATCH /api/orders 403 2116ms
1779651809 10.0.0.55 GET /api/logout 301 0.959s
2026-05-25T07:46:57.321Z 192.168.1.42 PUT /api/products 404 821
2026/05/25 16:52:30 192.168.1.100 GET /api/users 403 2765
2026-05-25T04:56:21.810Z 10.0.0.7 POST /api/login 200 1473ms
2026/05/25 01:33:58 10.0.0.55 PUT /api/products 200 102
2026/05/25 06:17:43 10.0.0.55 GET /api/users 400 0.917s
25-May-2026 08:15:04 192.168.1.42 GET /health 403 0.575s
1779651875 172.16.0.1 PUT /api/users 200 1116ms
2026-05-25T00:17:07.230Z 192.168.1.42 GET /api/users/12 200 2.523s
25-May-2026 08:21:41 10.0.0.7 PATCH /api/orders 401 2854ms
25-May-2026 07:00:04 10.0.0.7 GET /api/admin 401 2044ms
{"timestamp":"2026-05-25T18:06:15.717Z","ip":"192.168.1.42","method":"GET","path":"/api/products/5","status":403,"responseTime":1826}
24-May-2026 19:09:12 192.168.1.100 DELETE /health 201 1308ms
24-May-2026 18:54:26 172.16.0.1 DELETE /api/users/12 200 2867
{"timestamp":"2026-05-25T18:06:15.717Z","ip":"192.168.1.42","method":"POST","path":"/api/users","status":500,"responseTime":769}
2026/05/24 21:08:37 172.16.0.1 GET /api/users/12 403 2909
2026-05-25T09:23:19.050Z 10.0.0.55 PATCH /api/admin 401 2.421s
1779729293 10.0.0.55 DELETE /api/users 200 1334
24-May-2026 20:39:03 172.16.0.1 PUT /health 403 1.678s
2026/05/25 17:39:13 192.168.1.42 POST /api/login 200 0.287s
1779670780 192.168.1.42 GET /health 200 814ms
2026/05/25 10:08:25 10.0.0.7 PATCH /api/login 500 2235ms
24-May-2026 18:07:56 192.168.1.100 PATCH /api/users/12 401 854
1779687313 192.168.1.42 POST /api/products 201 1839
   
25-May-2026 02:47:31 192.168.1.100 DELETE /api/logout 500 2754ms
1779714960 10.0.0.55 GET /api/orders 200 594
2026-05-25T00:53:52.663Z 192.168.1.100 DELETE /api/admin 201 1.732s
{"timestamp":"2026-05-25T18:06:15.718Z","ip":"172.16.0.1","method":"DELETE","path":"/api/orders","status":200,"responseTime":2888}
1779657747 192.168.1.42 PATCH /api/admin 401 1.228s
2026/05/25 13:06:26 172.16.0.1 PUT /api/products 502 1674
1779653890 10.0.0.55 GET /api/users/12 500 1141
2026/05/25 01:36:15 10.0.0.55 POST /api/products 403 1310ms
2026/05/25 10:29:28 192.168.1.100 DELETE /api/login 200 0.855s
2026-05-24T20:26:48.475Z 10.0.0.55 PATCH /api/products/5 200 0.028s
{"timestamp":"2026-05-25T18:06:15.718Z","ip":"172.16.0.1","method":"POST","path":"/api/products","status":200,"responseTime":645}
2026-05-25T15:30:56.475Z 192.168.1.100 PUT /api/products 403 1261
24-May-2026 19:27:12 10.0.0.55 DELETE /api/products/5 403 2669ms
2026-05-25T13:29:07.545Z 192.168.1.100 PATCH /api/users/12 401 1.068s
{"timestamp":"2026-05-25T18:06:15.718Z","ip":"10.0.0.55","method":"PATCH","path":"/api/products","status":200,"responseTime":901}
2026-05-25T04:21:19.474Z 192.168.1.42 DELETE /api/logout 502 0.570s
2026/05/24 19:47:04 192.168.1.42 DELETE /api/logout 201 1820
2026-05-24T19:39:22.628Z 10.0.0.7 GET /api/users 200 1.389s
25-May-2026 09:19:11 172.16.0.1 POST /api/users/12 502 0.824s
2026/05/25 17:02:39 192.168.1.42 DELETE /api/users/12 401 604
2026-05-25T09:54:32.535Z 10.0.0.7 PATCH /api/products/5 201 1.090s
2026-05-25T12:50:52.962Z 10.0.0.7 PUT /api/products/5 200 2203ms
25-May-2026 13:12:00 10.0.0.55 GET /api/login 500 916
2026-05-24T23:11:47.091Z 10.0.0.7 POST /api/orders 200 1.077s
25-May-2026 14:41:21 10.0.0.55 PUT /api/logout 502 635ms
2026-05-25T17:27:46.569Z 10.0.0.55 DELETE /api/logout 201 112
2026/05/25 17:08:38 172.16.0.1 DELETE /api/orders 403 2127ms
25-May-2026 08:24:07 192.168.1.42 PATCH /api/logout 200 1480ms
at java.lang.Thread.run(Thread.java:748)
1779706737 10.0.0.7 GET /health 500 32
2026/05/24 19:00:16 172.16.0.1 PATCH /api/logout 502 263ms
25-May-2026 09:08:29 10.0.0.7 POST /api/admin 401 2964
24-May-2026 18:57:55 192.168.1.42 DELETE /api/users/12 200 2071ms
2026/05/25 03:59:07 172.16.0.1 POST /api/admin 200 2668ms
2026-05-25T00:55:09.184Z 172.16.0.1 PUT /api/users/12 500 322ms
2026/05/25 08:51:20 172.16.0.1 PATCH /api/products 401 1094
2026-05-24T23:28:19.750Z 192.168.1.100 GET /health 403 2113ms
2026/05/25 03:37:22 10.0.0.55 PATCH /api/users 200 1.945s
2026/05/25 03:43:57 192.168.1.42 DELETE /api/orders 500 1.751s
25-May-2026 13:07:26 10.0.0.55 PUT /api/products 500 0.694s
2026-05-25T14:04:18.679Z 172.16.0.1 GET /health 400 0.829s
2026-05-25T13:38:55.870Z 10.0.0.55 GET /api/orders 201 2608
1779689818 192.168.1.100 GET /api/users 400 2.501s
24-May-2026 20:00:27 192.168.1.42 DELETE /api/logout 500 1.487s
1779656725 192.168.1.100 DELETE /api/orders 200 1.507s
2026-05-25T17:44:38.320Z 192.168.1.42 GET /api/admin 301 208
25-May-2026 09:57:05 192.168.1.100 PUT /health 200 1.726s
2026-05-25T17:37:37.551Z 10.0.0.7 POST /api/users/12 500 0.799s
1779701321 10.0.0.55 DELETE /api/admin 500 184
1779688184 10.0.0.7 GET /api/admin 200 2245
1779695300 192.168.1.100 DELETE /api/login 401 2612
24-May-2026 18:25:44 10.0.0.55 GET /api/products/5 403 2035
25-May-2026 10:12:52 10.0.0.55 PATCH /api/products 500 1233
1779669016 10.0.0.7 GET /api/orders 500 914ms
25-May-2026 12:47:24 192.168.1.100 PATCH /api/users 201 762ms
1779721289 192.168.1.42 GET /api/products 400 2.266s
25-May-2026 21:54:19 10.0.0.55 DELETE /api/products/5 403 777
25-May-2026 07:02:39 10.0.0.55 POST /api/users/12 200 2016ms
2026-05-25T10:52:50.956Z 10.0.0.55 DELETE /api/admin 401 2933ms
2026-05-25T02:25:20.601Z 10.0.0.7 DELETE /api/logout 200 2.280s
2026-05-25T14:10:35.996Z 10.0.0.55 DELETE /api/products 404 2.948s
2026-05-25T15:34:54.582Z 172.16.0.1 POST /api/orders 200 1.298s
2026/05/25 16:43:23 10.0.0.7 DELETE /api/users 200 2093
1779673146 192.168.1.100 PATCH /api/orders 201 1743
2026/05/25 03:01:39 10.0.0.55 DELETE /health 500 2521
1779694418 172.16.0.1 POST /api/logout 301 1179ms
1779665484 192.168.1.100 PUT /api/products/5 200 1.628s
2024-03-15 INCOMPLETE
2026-05-24T21:13:11.091Z 192.168.1.100 PUT /api/login 401 1313ms
25-May-2026 09:25:20 192.168.1.42 GET /api/users 401 0.312s
25-May-2026 03:10:19 192.168.1.100 PATCH /api/orders 301 0.298s
2026-05-25T11:20:43.475Z 192.168.1.42 DELETE /api/products 301 2057ms
1779659024 10.0.0.7 DELETE /health 301 577
2024-03-15 INCOMPLETE
2026/05/25 01:01:46 10.0.0.55 DELETE /api/users 301 1.193s
2026/05/24 23:50:47 192.168.1.42 POST /api/users/12 201 0.040s
2026-05-25T17:47:14.482Z 192.168.1.100 DELETE /api/logout 500 0.755s
2026-05-25T04:28:11.296Z 172.16.0.1 POST /api/users/12 200 1894
2026-05-25T00:45:19.760Z 192.168.1.100 PATCH /api/users 400 1173
2026/05/25 07:28:41 172.16.0.1 DELETE /api/orders 201 1.762s
25-May-2026 09:06:07 192.168.1.42 GET /api/products/5 502 2204ms
2026-05-25T02:22:42.383Z 192.168.1.100 DELETE /api/users 200 773ms
1779657275 10.0.0.55 PATCH /api/login 200 1.169s
2026-05-25T03:42:11.120Z 172.16.0.1 PUT /api/users 404 2815
25-May-2026 10:53:51 10.0.0.55 DELETE /api/orders 404 1149
2026/05/25 04:54:53 192.168.1.100 DELETE /api/login 400 329
2026-05-25T07:00:42.163Z 10.0.0.7 DELETE /api/users/12 403 128ms
{"timestamp":"2026-05-25T18:06:15.720Z","ip":"172.16.0.1","method":"GET","path":"/api/users/12","status":201,"responseTime":2317}
2026-05-25T10:08:00.442Z 172.16.0.1 GET /api/admin 200 899
2026-05-25T10:02:33.501Z 192.168.1.42 PATCH /api/logout 401 1.331s
2026/05/25 02:59:51 192.168.1.42 PUT /api/logout 301 235ms
25-May-2026 10:01:15 192.168.1.100 DELETE /api/logout 403 716ms
25-May-2026 06:43:54 10.0.0.7 PUT /api/logout 403 1654
2026/05/25 01:21:46 10.0.0.55 POST /api/users/12 200 2.442s
2026-05-24T22:12:50.799Z 192.168.1.42 GET /health 502 2855
2026/05/25 13:52:05 192.168.1.42 GET /health 403 2.235s
1779707493 172.16.0.1 POST /api/admin 404 965
2026/05/25 02:13:29 10.0.0.7 POST /api/admin 301 2117ms
1779722883 172.16.0.1 GET /api/users/12 500 984
25-May-2026 22:19:02 192.168.1.100 DELETE /api/login 502 1402
2026-05-25T12:51:16.217Z 192.168.1.100 PUT /api/products/5 400 1.637s
25-May-2026 17:50:30 172.16.0.1 POST /api/orders 502 629
1779685525 10.0.0.55 DELETE /api/users/12 400 37
1779727557 10.0.0.7 POST /api/products 200 1650ms
24-May-2026 19:31:27 10.0.0.55 DELETE /api/admin 201 525
{"timestamp":"2026-05-25T18:06:15.720Z","ip":"192.168.1.42","method":"PATCH","path":"/api/products/5","status":200,"responseTime":2241}
1779676916 172.16.0.1 POST /health 200 0.481s
25-May-2026 06:38:38 192.168.1.42 GET /api/logout 200 1391
2026-05-25T04:32:56.203Z 192.168.1.100 DELETE /api/admin 200 1737
2026-05-25T12:16:01.176Z 192.168.1.42 DELETE /api/users/12 301 1906ms
at java.lang.Thread.run(Thread.java:748)
1779710604 192.168.1.42 PUT /api/orders 500 135
2026/05/25 03:03:51 10.0.0.55 GET /api/login 400 937ms
1779670684 192.168.1.42 POST /api/orders 400 0.320s
24-May-2026 18:42:43 10.0.0.55 PUT /api/logout 200 96ms
25-May-2026 11:10:27 172.16.0.1 GET /api/login 401 2750
1779659501 10.0.0.7 PUT /api/users/12 502 2565
25-May-2026 15:57:08 192.168.1.42 GET /health 200 1.865s
25-May-2026 04:57:27 192.168.1.100 DELETE /api/orders 200 379ms
2026/05/25 06:44:29 192.168.1.42 PATCH /api/login 403 0.935s
1779708555 10.0.0.7 GET /health 301 2183
{"timestamp":"2026-05-25T18:06:15.721Z","ip":"10.0.0.7","method":"POST","path":"/api/products","status":200,"responseTime":2560}
1779713845 10.0.0.55 POST /api/logout 401 405
2026/05/25 14:38:32 192.168.1.42 POST /api/users/12 400 0.175s
2026/05/25 01:49:11 10.0.0.55 PATCH /api/admin 502 806
1779662280 172.16.0.1 PUT /api/orders 400 2.049s
2026/05/24 19:16:15 172.16.0.1 POST /api/products 201 2331ms
{"timestamp":"2026-05-25T18:06:15.721Z","ip":"192.168.1.100","method":"PATCH","path":"/api/admin","status":502,"responseTime":110}
24-May-2026 20:24:11 192.168.1.100 GET /api/admin 200 1359ms
25-May-2026 14:04:09 10.0.0.55 GET /health 200 0.051s
BROKEN LINE $$$ ###

2026/05/25 13:35:05 10.0.0.55 PUT /api/users/12 502 1963ms
1779662132 192.168.1.100 PUT /api/products/5 400 2583ms
2026-05-24T21:21:58.811Z 10.0.0.55 PUT /api/login 502 286ms
25-May-2026 10:37:34 172.16.0.1 PUT /api/users/12 500 2428ms
25-May-2026 14:10:28 192.168.1.100 PATCH /api/login 400 1920
2026/05/25 15:30:34 192.168.1.42 PATCH /api/admin 404 1653
2026/05/25 13:51:07 10.0.0.7 POST /api/products 500 2.491s
2026-05-25T11:41:07.065Z 10.0.0.7 GET /api/logout 401 987ms
{"timestamp":"2026-05-25T18:06:15.721Z","ip":"10.0.0.55","method":"POST","path":"/api/products","status":200,"responseTime":1055}
2026-05-24T19:12:35.428Z 172.16.0.1 GET /api/users 200 1032
25-May-2026 03:41:32 10.0.0.55 PUT /api/admin 200 2.930s
2026-05-24T21:29:25.377Z 192.168.1.42 PATCH /api/products 404 1.183s
2026/05/24 20:21:29 10.0.0.55 POST /api/products/5 201 2719
25-May-2026 17:50:10 192.168.1.42 POST /health 500 1.720s
1779721053 192.168.1.100 GET /health 200 2.027s
1779661317 192.168.1.42 DELETE /api/orders 200 0.956s
1779651023 172.16.0.1 PUT /api/orders 403 339
1779652797 192.168.1.42 PUT /api/admin 403 512ms
{"timestamp":"2026-05-25T18:06:15.721Z","ip":"172.16.0.1","method":"POST","path":"/api/users","status":400,"responseTime":2329}
2026-05-24T22:43:47.332Z 192.168.1.100 DELETE /api/admin 502 534
25-May-2026 15:07:33 192.168.1.100 DELETE /api/logout 502 1995
2026/05/24 19:11:09 10.0.0.55 PUT /api/products/5 401 714ms
25-May-2026 12:32:15 192.168.1.42 GET /api/logout 403 22
2026/05/25 03:14:54 10.0.0.55 DELETE /api/logout 201 291
2026-05-25T09:12:33.892Z 192.168.1.42 DELETE /api/products 301 2698ms
2026/05/25 09:23:45 192.168.1.100 DELETE /api/login 200 2.446s
1779647532 192.168.1.100 DELETE /api/admin 200 2.397s
1779720328 192.168.1.100 DELETE /api/users 502 2904ms
1779727411 10.0.0.7 DELETE /api/users 403 2508ms
2026/05/25 14:44:50 192.168.1.100 PATCH /api/products 404 763
2026/05/25 13:42:19 192.168.1.42 GET /api/products 404 1.264s
2026/05/24 22:49:58 10.0.0.55 PATCH /api/admin 404 55
1779673367 192.168.1.42 PATCH /api/products 400 2.950s
{"timestamp":"2026-05-25T18:06:15.721Z","ip":"172.16.0.1","method":"POST","path":"/api/users/12","status":401,"responseTime":1598}
1779730639 192.168.1.100 PATCH /api/products/5 200 2109
1779702641 192.168.1.100 POST /api/users/12 500 2927ms
2026/05/25 15:50:03 10.0.0.55 PATCH /health 200 2663ms
25-May-2026 04:56:36 172.16.0.1 GET /api/logout 201 2450ms
2026-05-24T20:19:59.304Z 10.0.0.7 DELETE /api/users/12 404 1805
1779652699 10.0.0.7 POST /api/orders 500 1167ms
1779666063 192.168.1.42 POST /api/products/5 401 1916ms
1779656773 192.168.1.42 GET /health 502 86ms
2026-05-25T03:28:43.862Z 10.0.0.7 POST /api/admin 401 2186ms
24-May-2026 19:58:29 10.0.0.55 DELETE /api/users 502 181
2026/05/24 22:59:02 10.0.0.55 DELETE /api/users/12 301 662
2026/05/24 18:21:00 10.0.0.55 GET /health 201 120ms
2026/05/25 15:47:53 172.16.0.1 PUT /api/users 401 1821ms
   
2026/05/25 11:15:01 192.168.1.100 DELETE /api/users/12 403 2621
BROKEN LINE $$$ ###
25-May-2026 01:46:00 10.0.0.7 GET /api/users 200 904ms
2026-05-25T05:21:35.625Z 172.16.0.1 GET /api/login 200 0.434s
1779669224 192.168.1.100 PUT /api/orders 401 1127ms
25-May-2026 22:37:18 172.16.0.1 DELETE /api/products/5 400 1.560s
2026-05-24T18:36:05.569Z 192.168.1.42 POST /api/logout 200 1.053s
1779724816 10.0.0.7 GET /api/products/5 502 1578ms
1779661083 192.168.1.100 PATCH /api/products/5 404 1.609s
1779698569 172.16.0.1 POST /api/users/12 200 2693
2026-05-25T01:58:15.024Z 192.168.1.100 POST /api/products 500 1381ms
1779727617 10.0.0.7 PATCH /health 404 150ms
25-May-2026 01:48:40 192.168.1.42 PUT /api/products 200 2930
2026/05/25 00:05:53 172.16.0.1 DELETE /api/logout 401 282
2026/05/25 13:30:58 192.168.1.42 POST /health 403 2480
25-May-2026 12:45:49 10.0.0.7 PATCH /health 200 1087
2026-05-25T13:16:07.820Z 10.0.0.7 PUT /api/products 200 510
2026/05/25 14:15:06 10.0.0.55 GET /api/users 502 655ms
2026/05/24 19:33:44 172.16.0.1 GET /api/admin 500 2.170s
2026-05-25T11:04:56.737Z 192.168.1.100 PATCH /api/admin 200 145
2026/05/25 01:30:39 172.16.0.1 DELETE /api/users 200 2304
{"timestamp":"2026-05-25T18:06:15.722Z","ip":"172.16.0.1","method":"DELETE","path":"/health","status":301,"responseTime":969}
1779716761 10.0.0.7 GET /api/products 400 1669ms
2026/05/25 13:26:23 172.16.0.1 POST /api/products/5 200 2.272s
25-May-2026 14:34:37 192.168.1.100 PATCH /health 200 741ms
2026-05-24T20:20:38.212Z 10.0.0.55 GET /health 200 2443ms

2026/05/25 01:30:43 172.16.0.1 GET /api/admin 200 54
25-May-2026 17:41:32 10.0.0.7 PATCH /api/products/5 200 2570ms
2026/05/25 06:10:34 172.16.0.1 GET /health 404 2121
BROKEN LINE $$$ ###
1779646364 10.0.0.7 POST /api/products 200 0.038s
25-May-2026 12:06:17 192.168.1.42 GET /health 403 2.233s
1779721598 192.168.1.42 POST /api/users 401 1756ms
2024-03-15 INCOMPLETE
1779653738 10.0.0.7 DELETE /api/products/5 500 2.709s
2026-05-24T23:47:31.538Z 192.168.1.100 GET /api/users 502 1.045s
1779712267 10.0.0.55 POST /api/login 500 1436ms
2026-05-25T12:26:20.089Z 10.0.0.55 POST /api/login 200 2984ms
25-May-2026 13:40:16 10.0.0.55 DELETE /api/orders 200 401ms
1779698223 192.168.1.100 PATCH /api/login 400 0.716s
2026-05-25T17:39:54.489Z 192.168.1.100 PUT /api/products/5 404 1661ms
2026-05-25T12:44:53.720Z 172.16.0.1 PUT /api/admin 200 646ms
2026/05/25 14:11:38 192.168.1.100 DELETE /api/login 200 1428
2026/05/25 07:11:49 192.168.1.100 GET /health 200 1699ms
2024-03-15 INCOMPLETE
1779681412 192.168.1.42 PATCH /api/users/12 201 0.563s
2024-03-15 INCOMPLETE
2026-05-25T02:52:21.888Z 10.0.0.55 POST /api/orders 502 2395ms
2026-05-25T01:50:57.598Z 172.16.0.1 PATCH /api/products/5 200 1174ms
2026/05/25 04:17:52 192.168.1.42 GET /api/orders 200 1327ms
2026-05-25T09:21:00.067Z 10.0.0.7 POST /api/logout 502 1683
{"timestamp":"2026-05-25T18:06:15.723Z","ip":"10.0.0.55","method":"DELETE","path":"/api/admin","status":404,"responseTime":386}
2026/05/25 03:00:34 192.168.1.42 PATCH /api/users/12 404 2781ms
2026-05-25T12:38:20.223Z 192.168.1.100 GET /api/orders 200 2001ms
2026/05/25 12:01:24 10.0.0.7 DELETE /api/logout 401 1.826s
2026/05/24 19:06:26 10.0.0.7 PUT /api/users 200 2567ms
1779655897 192.168.1.42 DELETE /api/login 201 1.567s
25-May-2026 08:30:21 172.16.0.1 POST /api/products 200 1246ms
24-May-2026 18:49:33 10.0.0.55 DELETE /api/logout 200 2133ms
{"timestamp":"2026-05-25T18:06:15.723Z","ip":"10.0.0.7","method":"PATCH","path":"/api/logout","status":200,"responseTime":1798}

25-May-2026 23:54:20 192.168.1.42 POST /api/users 200 2743
2026-05-25T09:51:40.242Z 192.168.1.100 POST /api/products/5 500 1100
2026-05-25T01:53:17.514Z 192.168.1.42 GET /api/login 400 1.231s
2026/05/25 09:59:06 192.168.1.100 DELETE /api/login 301 969
1779658059 10.0.0.55 PATCH /api/users 500 0.065s
2026/05/25 11:16:05 10.0.0.7 GET /api/login 200 1.667s
1779680486 10.0.0.7 GET /api/login 401 787ms
2026-05-25T09:17:26.970Z 192.168.1.42 POST /api/login 401 1599
25-May-2026 04:22:51 192.168.1.100 POST /api/orders 301 2423ms
2026/05/25 02:21:07 192.168.1.100 PUT /api/orders 502 231

1779696564 10.0.0.55 PUT /api/orders 502 2544ms
2026/05/25 09:43:28 10.0.0.55 PUT /api/users/12 403 1023ms
25-May-2026 09:53:34 10.0.0.55 PUT /api/login 401 2.285s
2026-05-25T00:07:02.119Z 10.0.0.55 POST /api/admin 200 66ms
25-May-2026 01:36:26 192.168.1.42 DELETE /api/products/5 400 1.183s
2026-05-25T12:27:28.226Z 10.0.0.7 DELETE /api/users/12 403 370ms
2026-05-25T06:04:41.026Z 10.0.0.7 DELETE /api/users 401 2709
2026-05-25T11:38:52.039Z 172.16.0.1 PATCH /api/users/12 404 1970
1779675563 10.0.0.7 PUT /health 301 2459
24-May-2026 19:14:31 10.0.0.7 GET /api/products 500 2.988s
2026-05-25T16:37:48.059Z 172.16.0.1 GET /api/users 201 1.154s
{"timestamp":"2026-05-25T18:06:15.724Z","ip":"192.168.1.100","method":"GET","path":"/api/users","status":400,"responseTime":2562}
1779692359 192.168.1.42 GET /api/login 500 1610ms
1779655424 10.0.0.55 PUT /api/admin 401 2101
2026-05-25T17:20:20.852Z 10.0.0.7 POST /api/products 403 2.814s
2026/05/25 03:10:25 10.0.0.7 DELETE /api/admin 201 717ms
2026-05-25T17:07:10.651Z 192.168.1.100 PATCH /api/products 500 1.360s
2026/05/25 14:57:08 10.0.0.7 POST /api/products 500 1.861s
2026-05-25T05:28:10.250Z 10.0.0.55 PUT /api/users/12 200 0.848s
2024-03-15 INCOMPLETE
2026/05/25 06:55:04 10.0.0.55 POST /api/users 201 2678
1779646769 172.16.0.1 DELETE /api/login 502 1420ms
2026-05-25T00:28:13.420Z 192.168.1.100 DELETE /api/users/12 400 1079
2026-05-25T16:25:05.745Z 10.0.0.7 PATCH /api/products 502 2511ms
2026/05/25 15:15:55 172.16.0.1 PUT /api/users/12 201 0.155s
2026/05/25 09:17:47 172.16.0.1 GET /api/users/12 500 1379
2026/05/25 17:22:30 192.168.1.42 GET /api/admin 403 1.266s
{"timestamp":"2026-05-25T18:06:15.724Z","ip":"172.16.0.1","method":"GET","path":"/api/orders","status":401,"responseTime":1806}
2026-05-25T11:30:15.058Z 10.0.0.55 GET /api/users/12 404 2423
2026/05/25 10:29:29 192.168.1.42 GET /api/users 200 2105ms
24-May-2026 20:09:39 172.16.0.1 POST /api/products/5 404 273ms
2026-05-25T10:46:26.537Z 192.168.1.42 POST /health 301 2715
2026-05-25T09:33:18.466Z 172.16.0.1 GET /api/logout 200 1314
2026-05-25T05:58:23.595Z 10.0.0.7 DELETE /api/logout 502 639
2024-03-15 INCOMPLETE
1779711797 192.168.1.42 POST /api/users/12 301 0.838s
25-May-2026 15:51:52 172.16.0.1 PATCH /api/products/5 502 894ms
2026/05/25 06:48:06 192.168.1.42 PUT /api/products 502 0.056s
25-May-2026 02:22:26 172.16.0.1 GET /health 500 1845ms
2026-05-25T03:47:37.536Z 192.168.1.100 DELETE /api/users/12 502 2452
{"timestamp":"2026-05-25T18:06:15.724Z","ip":"192.168.1.42","method":"GET","path":"/api/admin","status":400,"responseTime":763}
2026/05/25 12:47:42 192.168.1.42 GET /api/users 200 0.363s
25-May-2026 10:41:35 10.0.0.7 PATCH /api/products/5 400 347ms
1779697052 10.0.0.7 PUT /api/orders 400 820ms
2026/05/25 07:01:45 10.0.0.55 POST /api/logout 403 1.906s
2026/05/25 00:39:42 10.0.0.55 POST /api/orders 401 986ms
2026-05-25T06:56:02.373Z 192.168.1.42 POST /api/products 500 2037ms
2026/05/25 08:49:30 172.16.0.1 PATCH /api/logout 301 2318
{"timestamp":"2026-05-25T18:06:15.724Z","ip":"172.16.0.1","method":"DELETE","path":"/api/products","status":404,"responseTime":261}
24-May-2026 19:08:16 192.168.1.100 DELETE /health 401 1897
at java.lang.Thread.run(Thread.java:748)
2026-05-24T23:59:32.295Z 10.0.0.55 PUT /api/login 200 2533
1779718936 10.0.0.7 PATCH /api/login 301 2198ms
2026/05/24 19:33:55 172.16.0.1 PATCH /api/users 201 803ms
25-May-2026 04:16:04 10.0.0.55 GET /api/admin 502 2.421s
2026-05-25T15:41:03.949Z 192.168.1.42 PUT /api/products/5 401 2662ms
2026-05-25T00:53:12.344Z 172.16.0.1 PUT /api/admin 200 1324ms
2026-05-25T04:12:30.269Z 10.0.0.55 PATCH /api/orders 502 1169ms
2026/05/25 07:45:12 10.0.0.55 PUT /api/users 400 2.688s
2026/05/25 07:34:03 172.16.0.1 POST /api/products 200 2.126s
1779666218 192.168.1.42 PATCH /api/orders 201 2494ms
25-May-2026 04:43:54 10.0.0.55 GET /api/login 200 0.326s
2026-05-24T19:10:44.031Z 172.16.0.1 POST /api/users 200 1540ms
2026-05-24T23:22:16.377Z 172.16.0.1 GET /api/products 400 0.343s
25-May-2026 00:22:12 10.0.0.7 POST /api/products 200 1.267s
{"timestamp":"2026-05-25T18:06:15.725Z","ip":"10.0.0.7","method":"POST","path":"/api/products","status":403,"responseTime":2897}
2026/05/25 07:41:44 10.0.0.55 PUT /api/products/5 301 1.954s
25-May-2026 05:38:24 192.168.1.42 DELETE /api/logout 200 1127ms
24-May-2026 19:49:06 10.0.0.7 DELETE /api/users 502 31

2026-05-25T08:15:39.197Z 192.168.1.42 PUT /api/orders 301 2770
25-May-2026 04:19:53 10.0.0.7 PATCH /api/admin 500 1564ms
1779722710 172.16.0.1 POST /api/products/5 400 1246
2026/05/25 02:45:30 172.16.0.1 DELETE /api/users/12 200 1247ms
1779669147 10.0.0.7 POST /api/products 200 125
1779678573 10.0.0.55 PUT /api/products/5 301 2708ms
2026/05/24 21:54:51 192.168.1.100 DELETE /api/login 301 683
25-May-2026 22:41:42 172.16.0.1 PUT /api/admin 400 2452ms
25-May-2026 03:07:38 10.0.0.55 POST /api/users 400 2843
25-May-2026 13:02:21 10.0.0.7 POST /health 200 2775
2026/05/25 04:52:13 10.0.0.7 PATCH /api/login 500 2.232s
{"timestamp":"2026-05-25T18:06:15.725Z","ip":"10.0.0.7","method":"POST","path":"/api/logout","status":502,"responseTime":1884}
2026-05-24T18:31:50.904Z 172.16.0.1 PATCH /api/login 400 1499ms
1779654042 192.168.1.42 PUT /api/admin 400 1.720s
2026/05/25 08:57:00 172.16.0.1 DELETE /api/products 401 2842ms
2026-05-25T12:28:22.064Z 192.168.1.100 PATCH /api/logout 500 1002ms
2026/05/25 04:34:04 172.16.0.1 DELETE /api/users 403 833
1779693299 10.0.0.55 GET /api/products 404 1430ms
25-May-2026 10:29:04 192.168.1.100 PATCH /api/admin 403 1.442s
2026-05-25T08:06:44.332Z 192.168.1.100 PUT /api/admin 201 2138
2026/05/25 12:14:46 10.0.0.55 GET /api/users 500 0.653s
25-May-2026 10:37:07 172.16.0.1 POST /api/orders 200 2.865s
1779727726 10.0.0.7 PUT /health 301 2909ms
25-May-2026 23:47:35 192.168.1.100 PUT /api/users 200 2.212s
25-May-2026 23:19:34 192.168.1.42 DELETE /api/login 403 0.857s
2026/05/25 12:08:04 10.0.0.7 PUT /api/users 301 1904ms
24-May-2026 18:10:45 172.16.0.1 PUT /api/users 200 533
25-May-2026 08:46:16 10.0.0.55 DELETE /api/login 301 2.772s
2026/05/25 03:03:02 10.0.0.7 DELETE /api/login 301 2.280s
25-May-2026 06:48:32 172.16.0.1 POST /api/users 301 2558ms
2026/05/25 07:57:30 10.0.0.7 PUT /api/products/5 500 276
24-May-2026 20:27:20 10.0.0.7 DELETE /api/login 400 375
2026/05/25 08:59:07 192.168.1.100 PATCH /health 201 2474ms
2026-05-25T14:09:53.833Z 10.0.0.55 GET /api/login 500 1.107s
2026-05-24T23:12:46.997Z 172.16.0.1 PUT /api/orders 200 1819
25-May-2026 09:17:03 192.168.1.42 DELETE /api/orders 401 1.664s
1779669253 192.168.1.42 PATCH /api/orders 200 1169
1779679567 192.168.1.100 GET /api/products 502 1.741s
2026/05/24 20:54:40 192.168.1.42 PUT /api/users/12 400 1934ms
25-May-2026 07:38:29 192.168.1.100 PUT /api/users/12 200 2014
25-May-2026 16:53:40 192.168.1.42 GET /api/login 401 449
2026/05/24 22:34:12 10.0.0.55 PUT /api/products/5 201 1.815s
{"timestamp":"2026-05-25T18:06:15.727Z","ip":"172.16.0.1","method":"DELETE","path":"/api/users/12","status":200,"responseTime":1625}
{"timestamp":"2026-05-25T18:06:15.727Z","ip":"172.16.0.1","method":"GET","path":"/api/users/12","status":404,"responseTime":1076}
2026/05/25 01:05:51 192.168.1.42 PUT /api/logout 403 254
25-May-2026 23:33:52 172.16.0.1 DELETE /api/users 400 699ms
1779726406 10.0.0.55 GET /api/products 500 178
25-May-2026 15:03:45 10.0.0.55 PATCH /api/products 201 1529ms
2026-05-25T10:17:03.633Z 172.16.0.1 PUT /api/users 404 1002ms
2026-05-25T04:17:40.429Z 10.0.0.7 DELETE /api/products/5 401 1393ms
2026/05/25 08:32:57 172.16.0.1 PUT /api/login 200 2906ms
2026-05-25T10:34:32.419Z 10.0.0.7 DELETE /api/admin 200 881
2024-03-15 INCOMPLETE
25-May-2026 22:08:57 192.168.1.42 PUT /api/users 201 1496
25-May-2026 23:36:21 192.168.1.42 PUT /api/orders 401 1152ms
25-May-2026 23:15:31 10.0.0.55 PUT /api/users 201 1914ms
25-May-2026 10:58:06 10.0.0.7 DELETE /api/logout 201 96ms
1779675353 10.0.0.55 POST /api/logout 400 2556ms
2026/05/25 14:31:45 10.0.0.7 DELETE /api/users/12 403 339ms
2026/05/25 04:16:09 10.0.0.7 PATCH /api/users/12 404 1.343s

25-May-2026 09:57:59 10.0.0.55 POST /api/admin 201 1255
25-May-2026 13:44:38 192.168.1.42 DELETE /api/login 401 2300ms
1779728977 192.168.1.42 POST /api/admin 200 23ms
25-May-2026 12:03:14 172.16.0.1 PATCH /api/logout 200 569ms
2026/05/25 17:21:38 10.0.0.55 POST /api/login 200 2835ms
1779650521 192.168.1.42 POST /api/logout 301 0.171s
25-May-2026 04:22:02 172.16.0.1 DELETE /health 200 1.980s
2026-05-25T16:50:35.668Z 172.16.0.1 PATCH /api/admin 201 688ms
2026/05/24 23:10:02 192.168.1.42 DELETE /api/users/12 200 186ms
2026-05-24T22:21:33.342Z 10.0.0.7 GET /api/products/5 400 1428
2026/05/24 20:16:20 192.168.1.100 GET /api/products/5 200 1.791s
25-May-2026 06:13:54 192.168.1.42 DELETE /api/orders 200 2.487s
2026/05/24 18:23:18 172.16.0.1 PUT /api/logout 200 1.528s
2026/05/25 02:19:46 10.0.0.55 POST /api/logout 502 1.665s
2026/05/25 06:29:09 172.16.0.1 DELETE /health 500 419
2026-05-24T19:16:25.407Z 192.168.1.42 PATCH /api/logout 200 2277
2026/05/25 12:20:41 10.0.0.7 DELETE /api/logout 403 1.820s
2026/05/25 11:16:20 192.168.1.100 DELETE /api/products 403 362
2026-05-25T16:36:26.781Z 192.168.1.42 PATCH /health 404 2807
1779652217 10.0.0.7 PATCH /api/users 500 1.064s
1779649749 10.0.0.55 GET /api/orders 502 0.674s
2026/05/25 16:15:03 192.168.1.42 PUT /health 400 1.508s
25-May-2026 22:25:54 10.0.0.7 POST /api/users/12 404 562
1779680092 192.168.1.42 GET /api/users/12 400 942
{"timestamp":"2026-05-25T18:06:15.728Z","ip":"10.0.0.7","method":"PUT","path":"/api/users","status":502,"responseTime":1550}

25-May-2026 06:32:47 10.0.0.55 DELETE /api/products 500 2.083s
2026-05-24T20:10:39.325Z 172.16.0.1 PUT /api/users 201 413ms
2026/05/24 21:08:03 192.168.1.42 PATCH /api/login 200 223ms
25-May-2026 03:33:24 10.0.0.7 PUT /api/orders 401 2.211s
25-May-2026 04:12:49 10.0.0.55 DELETE /api/products 500 172ms
1779695150 10.0.0.55 PATCH /api/orders 201 1566
1779689001 10.0.0.55 DELETE /api/products 201 2391
1779680439 192.168.1.100 PUT /api/orders 200 1764ms
{"timestamp":"2026-05-25T18:06:15.728Z","ip":"10.0.0.7","method":"POST","path":"/api/admin","status":400,"responseTime":1175}
{"timestamp":"2026-05-25T18:06:15.728Z","ip":"10.0.0.7","method":"GET","path":"/api/users","status":403,"responseTime":1743}
25-May-2026 22:45:41 192.168.1.42 DELETE /api/products/5 200 2.705s
{"timestamp":"2026-05-25T18:06:15.728Z","ip":"192.168.1.100","method":"DELETE","path":"/health","status":404,"responseTime":36}
1779711733 10.0.0.55 POST /api/admin 200 1.563s
25-May-2026 00:47:48 192.168.1.42 POST /api/login 500 2741ms
2026/05/25 14:45:25 10.0.0.7 POST /api/users 400 1139ms
25-May-2026 12:51:35 192.168.1.100 PATCH /api/users/12 400 1341
25-May-2026 05:55:42 10.0.0.7 POST /api/products/5 200 2741ms
1779698204 10.0.0.7 DELETE /health 401 1548
2026-05-25T14:26:08.070Z 192.168.1.42 DELETE /api/users/12 200 1474
2026/05/24 19:00:40 10.0.0.7 PATCH /api/users 401 2751
25-May-2026 00:54:56 192.168.1.42 PUT /api/users/12 200 1.650s
2026/05/25 14:46:25 10.0.0.55 PATCH /health 201 1915ms
2026/05/24 19:34:11 192.168.1.42 GET /health 200 2.760s
24-May-2026 19:01:24 172.16.0.1 PATCH /health 403 1.687s
25-May-2026 04:11:44 172.16.0.1 GET /api/login 401 1316
2026/05/25 06:20:11 10.0.0.55 POST /api/products 403 1.752s
1779659017 192.168.1.100 PUT /api/products/5 400 1.375s
2026/05/25 02:16:24 192.168.1.100 PUT /api/admin 404 2800
2026/05/25 12:36:39 192.168.1.42 PATCH /api/logout 200 2083
2026/05/25 10:20:27 10.0.0.55 GET /api/admin 401 2071ms
1779654835 10.0.0.7 PUT /api/admin 201 1669
BROKEN LINE $$$ ###
1779670235 192.168.1.100 GET /api/login 200 1177ms
2026-05-25T15:26:24.358Z 192.168.1.100 PATCH /api/products/5 200 1.779s
2026/05/25 11:17:49 192.168.1.42 DELETE /api/users 201 2.390s
GET /api/users
25-May-2026 17:53:33 192.168.1.42 GET /api/products 200 1143
25-May-2026 04:43:37 192.168.1.42 DELETE /api/products 301 2496
25-May-2026 09:34:35 172.16.0.1 GET /api/products/5 201 0.803s
1779659542 10.0.0.55 POST /api/products 201 1505
2026-05-25T02:33:24.294Z 192.168.1.100 PATCH /api/login 201 858
1779659131 192.168.1.42 PATCH /api/admin 201 2.173s
{"timestamp":"2026-05-25T18:06:15.730Z","ip":"172.16.0.1","method":"DELETE","path":"/api/login","status":500,"responseTime":1459}
2026-05-25T07:03:06.554Z 10.0.0.7 POST /api/users/12 200 0.707s
25-May-2026 15:40:38 172.16.0.1 PATCH /api/logout 500 292ms
2026/05/25 17:48:22 192.168.1.100 POST /api/users 500 723
1779723754 192.168.1.42 POST /api/users 200 2988
2026-05-25T16:46:01.684Z 192.168.1.42 GET /health 500 1955
1779690439 172.16.0.1 PUT /api/products/5 500 894ms
2026/05/24 20:34:22 10.0.0.7 POST /api/orders 301 356
1779688940 10.0.0.55 DELETE /api/login 201 2023ms
2026/05/25 08:05:40 10.0.0.7 DELETE /api/admin 201 695
2026-05-25T15:36:12.438Z 172.16.0.1 DELETE /api/products/5 400 2574ms
2026-05-25T12:00:43.594Z 10.0.0.7 PATCH /health 301 2905
2026-05-25T12:18:31.971Z 192.168.1.100 POST /api/orders 200 357ms
2026-05-25T09:57:30.865Z 192.168.1.100 PATCH /api/admin 500 0.678s
2026-05-25T05:26:54.859Z 10.0.0.55 POST /api/users 201 2238ms
1779663930 172.16.0.1 PATCH /api/products 200 640ms
24-May-2026 19:09:01 10.0.0.7 PATCH /api/orders 301 1460
2026-05-25T10:01:02.085Z 192.168.1.42 GET /api/users/12 502 1.833s
2026-05-25T17:59:46.850Z 10.0.0.55 GET /api/login 301 1723ms
25-May-2026 06:16:47 192.168.1.42 POST /api/logout 201 2.869s
2026/05/25 00:31:20 172.16.0.1 PUT /api/users/12 502 1965
2026-05-24T22:51:17.723Z 10.0.0.7 GET /api/products/5 201 1736
1779663663 192.168.1.42 DELETE /api/products/5 500 2135
{"timestamp":"2026-05-25T18:06:15.730Z","ip":"10.0.0.55","method":"GET","path":"/api/login","status":200,"responseTime":952}
2026/05/24 23:43:20 10.0.0.55 PATCH /api/users 404 2343ms
2026/05/25 13:19:44 172.16.0.1 DELETE /api/orders 403 0.468s
2026/05/24 23:30:49 10.0.0.7 POST /api/products/5 400 1928ms
25-May-2026 13:51:15 10.0.0.55 POST /api/logout 201 2714
2026/05/25 13:05:04 10.0.0.7 DELETE /api/login 401 833
1779677267 192.168.1.100 PATCH /api/orders 500 2.166s
1779675333 172.16.0.1 DELETE /api/logout 200 1778ms
25-May-2026 00:39:37 172.16.0.1 PATCH /api/orders 400 441
2026/05/25 12:23:53 10.0.0.7 PUT /api/products/5 401 656ms
1779694853 192.168.1.42 POST /api/orders 200 1258ms
2026/05/25 03:12:07 192.168.1.42 DELETE /health 403 2.594s
1779645992 192.168.1.42 DELETE /api/products 403 0.797s
2026/05/24 23:20:45 10.0.0.7 DELETE /api/login 500 1.840s
1779722305 192.168.1.100 GET /api/admin 400 505
25-May-2026 06:06:40 10.0.0.7 DELETE /api/products 404 382ms
25-May-2026 21:47:38 10.0.0.55 GET /api/logout 301 1.703s
2026-05-25T01:54:45.629Z 172.16.0.1 PUT /api/users 200 1662
1779677216 192.168.1.42 PUT /api/products 401 1.076s
25-May-2026 16:06:31 10.0.0.7 PUT /api/products/5 401 949ms
2026/05/25 07:46:24 192.168.1.100 GET /api/login 500 1.990s
2026/05/25 05:28:20 192.168.1.42 DELETE /health 400 2.084s
1779688882 192.168.1.42 DELETE /api/products/5 502 2.573s
   
2026-05-24T20:14:25.323Z 10.0.0.55 GET /api/users 403 2359ms
2026-05-25T03:35:46.938Z 172.16.0.1 PUT /api/logout 400 1.794s
25-May-2026 23:33:59 172.16.0.1 PATCH /api/logout 200 1447ms
25-May-2026 23:04:28 10.0.0.55 PUT /api/orders 401 2.455s
1779658207 10.0.0.7 POST /api/logout 201 1.432s
1779654933 192.168.1.42 PATCH /api/logout 401 1251ms
25-May-2026 05:37:46 10.0.0.55 PUT /health 403 1824ms
{"timestamp":"2026-05-25T18:06:15.731Z","ip":"10.0.0.55","method":"PATCH","path":"/api/login","status":301,"responseTime":2976}
25-May-2026 21:51:30 172.16.0.1 DELETE /api/products/5 502 2569
1779687747 10.0.0.7 PATCH /api/logout 400 469ms
25-May-2026 21:30:24 192.168.1.100 DELETE /api/products/5 500 74ms
2026-05-25T03:49:22.051Z 192.168.1.42 GET /health 200 2.504s
2026-05-25T09:58:16.172Z 192.168.1.42 PUT /api/users/12 400 2002ms
{"timestamp":"2026-05-25T18:06:15.731Z","ip":"172.16.0.1","method":"PUT","path":"/api/products","status":200,"responseTime":2719}
1779701102 192.168.1.100 POST /api/logout 502 0.352s
25-May-2026 23:26:42 10.0.0.55 PUT /api/users/12 201 1811ms
2026/05/25 00:03:20 10.0.0.7 PATCH /api/products 401 529
2026/05/24 22:05:40 192.168.1.100 POST /api/orders 201 1.766s
1779720838 172.16.0.1 PUT /api/products 401 1078ms
2026-05-25T14:28:23.493Z 192.168.1.100 PUT /api/admin 400 2730ms
1779702258 192.168.1.100 PATCH /api/logout 200 791ms
1779724044 10.0.0.7 POST /api/admin 502 2875
2026/05/25 14:14:23 10.0.0.7 PATCH /api/orders 500 2333ms
1779682935 10.0.0.55 PUT /api/products 400 133ms
2026-05-24T22:18:21.532Z 192.168.1.100 PATCH /api/users 502 2.649s
25-May-2026 17:32:40 192.168.1.42 PATCH /api/products 200 959ms
2026/05/25 07:28:32 172.16.0.1 GET /api/products/5 200 0.784s
2026-05-25T11:16:51.355Z 10.0.0.55 GET /api/logout 201 2442
24-May-2026 18:36:45 192.168.1.42 GET /api/users/12 404 1.912s
2026/05/25 16:29:51 192.168.1.42 GET /api/logout 401 1923ms
2026-05-24T20:39:58.591Z 10.0.0.55 DELETE /api/users/12 404 2813ms
1779710346 10.0.0.55 POST /api/products/5 404 2535ms
2026-05-25T14:24:56.987Z 172.16.0.1 PUT /health 404 185
1779657822 192.168.1.100 DELETE /api/login 401 223
25-May-2026 01:19:07 10.0.0.7 DELETE /health 201 534ms
2026/05/25 06:46:20 172.16.0.1 GET /api/logout 404 1.906s
2026/05/25 12:56:01 10.0.0.7 GET /api/products 200 2.517s
1779732280 192.168.1.100 POST /api/products/5 301 1926ms
25-May-2026 15:10:34 10.0.0.55 PATCH /api/users/12 200 2117ms
1779674909 172.16.0.1 PATCH /api/logout 301 2.548s
2026/05/25 08:19:35 192.168.1.42 PUT /api/users/12 500 153ms
2026/05/25 12:42:55 172.16.0.1 POST /health 201 0.252s
2026-05-25T06:19:50.324Z 10.0.0.55 POST /api/users/12 403 2071ms
2026/05/25 09:20:51 192.168.1.42 PUT /api/orders 500 1113
2026-05-25T05:30:46.451Z 10.0.0.55 DELETE /api/products 401 1904ms
2026/05/24 19:45:02 10.0.0.7 GET /api/admin 401 980ms
2026/05/24 18:51:40 10.0.0.55 DELETE /api/products 401 1123
2026-05-25T00:09:11.885Z 192.168.1.100 GET /health 500 1741
1779689981 192.168.1.42 POST /api/users 200 0.457s
1779698013 172.16.0.1 PATCH /api/users/12 401 2313ms
2026-05-25T14:07:12.790Z 10.0.0.55 POST /api/products/5 301 1060
1779668996 192.168.1.100 PATCH /api/logout 500 30ms
25-May-2026 10:49:30 10.0.0.55 PUT /api/products 401 2554ms
25-May-2026 03:23:30 172.16.0.1 DELETE /api/admin 200 1797
25-May-2026 13:42:20 192.168.1.100 PUT /api/users 200 2.178s
25-May-2026 12:10:54 10.0.0.55 PUT /health 404 2579ms
1779688805 192.168.1.100 PUT /api/users/12 401 699ms
GET /api/users
2026-05-25T07:23:10.863Z 192.168.1.42 POST /health 400 1346
1779704810 172.16.0.1 POST /health 201 2671ms
1779708197 192.168.1.100 POST /api/users 301 2689ms
25-May-2026 22:49:38 192.168.1.100 GET /api/users/12 404 1607
{"timestamp":"2026-05-25T18:06:15.732Z","ip":"10.0.0.7","method":"PUT","path":"/api/users","status":200,"responseTime":1456}
2026-05-25T04:45:54.260Z 192.168.1.100 POST /api/users/12 301 0.100s
25-May-2026 14:41:38 10.0.0.7 PATCH /health 401 450
2026/05/25 08:36:08 172.16.0.1 PATCH /api/products 301 282ms
2026/05/25 16:28:00 10.0.0.55 PUT /api/users 200 0.212s
GET /api/users
1779716763 192.168.1.42 PUT /api/users 201 1763ms
{"timestamp":"2026-05-25T18:06:15.734Z","ip":"10.0.0.7","method":"PATCH","path":"/api/admin","status":401,"responseTime":993}
2026-05-25T00:49:06.937Z 192.168.1.42 PATCH /api/logout 403 1.879s
1779671046 192.168.1.42 PATCH /api/login 403 2549
2026-05-25T08:12:36.868Z 10.0.0.55 PATCH /api/users 401 977ms
1779670699 192.168.1.100 PATCH /api/users/12 403 0.235s
1779711095 172.16.0.1 PATCH /api/products/5 404 0.401s
2026-05-25T01:39:56.616Z 192.168.1.42 POST /api/login 200 0.249s
2026-05-25T03:42:23.568Z 10.0.0.7 GET /api/users/12 400 0.057s
{"timestamp":"2026-05-25T18:06:15.734Z","ip":"10.0.0.55","method":"DELETE","path":"/api/admin","status":200,"responseTime":2237}
1779723436 172.16.0.1 POST /api/admin 500 2023
25-May-2026 18:04:09 10.0.0.7 DELETE /api/products/5 404 2538
2026/05/25 11:30:48 10.0.0.55 GET /api/users/12 400 185
2026-05-24T22:24:59.422Z 192.168.1.42 DELETE /api/users 401 2575ms
at java.lang.Thread.run(Thread.java:748)
2026-05-24T19:40:09.674Z 172.16.0.1 GET /api/login 401 1.560s
2026-05-25T07:37:42.253Z 172.16.0.1 GET /api/products/5 400 0.583s
2026/05/25 14:13:51 192.168.1.100 PATCH /health 200 2833
2026/05/25 08:20:44 10.0.0.55 PATCH /api/products 403 2.233s
2026/05/25 13:55:36 10.0.0.7 POST /api/login 400 1806ms
25-May-2026 00:08:46 192.168.1.100 DELETE /api/orders 404 1694ms
1779681525 10.0.0.7 GET /health 200 2227
2026-05-25T04:18:56.428Z 10.0.0.55 GET /api/users/12 401 1.780s
   
2026/05/25 01:24:00 10.0.0.55 PUT /api/orders 301 1507ms
{"timestamp":"2026-05-25T18:06:15.734Z","ip":"10.0.0.7","method":"GET","path":"/api/orders","status":301,"responseTime":1930}
2026-05-25T08:53:55.816Z 192.168.1.100 POST /api/products 201 2293
1779679057 192.168.1.42 DELETE /api/products/5 301 2797
25-May-2026 16:10:31 10.0.0.7 PUT /api/products 301 2011
1779654783 10.0.0.7 DELETE /health 404 1042
2026/05/25 01:19:09 172.16.0.1 PUT /api/login 400 2110ms

2026/05/24 22:23:54 10.0.0.7 PATCH /api/products/5 404 2272
25-May-2026 06:08:51 192.168.1.42 POST /api/logout 400 2061
24-May-2026 20:04:31 10.0.0.55 GET /api/logout 200 2348ms
1779664089 172.16.0.1 PATCH /api/orders 200 2.840s
2026-05-24T19:46:52.648Z 192.168.1.42 GET /api/orders 200 1.839s
2026/05/25 04:05:09 192.168.1.100 PUT /api/products 400 0.860s
{"timestamp":"2026-05-25T18:06:15.734Z","ip":"10.0.0.55","method":"GET","path":"/api/admin","status":200,"responseTime":2618}
2026/05/25 15:44:15 192.168.1.42 PATCH /api/users 201 0.252s
1779715176 172.16.0.1 GET /health 404 2672
2026-05-25T11:23:51.464Z 10.0.0.55 PATCH /api/users 500 2607ms
BROKEN LINE $$$ ###
2026/05/25 02:26:14 10.0.0.7 DELETE /api/orders 502 2.367s
1779732033 10.0.0.7 PUT /api/products/5 301 2647
1779666531 10.0.0.55 PUT /api/users/12 500 2789ms
2026/05/24 20:46:06 10.0.0.55 DELETE /api/products 200 1988
25-May-2026 15:25:50 192.168.1.100 GET /api/login 201 0.142s
24-May-2026 20:07:03 10.0.0.7 GET /api/admin 502 2.407s
1779722247 192.168.1.100 GET /api/products 301 0.955s
25-May-2026 15:55:23 192.168.1.100 DELETE /api/products 200 938ms
2026/05/25 08:21:31 172.16.0.1 PUT /api/orders 200 2376ms
25-May-2026 04:54:21 172.16.0.1 DELETE /api/products/5 502 2168ms
2026/05/25 11:46:36 192.168.1.42 GET /api/login 401 1874ms
2026/05/24 19:10:22 10.0.0.7 GET /api/logout 200 2.557s
2026/05/25 00:44:17 192.168.1.42 GET /api/products/5 301 651
25-May-2026 17:00:17 192.168.1.100 POST /api/login 200 2.241s
25-May-2026 01:05:04 192.168.1.42 PUT /api/admin 401 1378ms
1779716194 10.0.0.55 PATCH /api/products/5 201 2.879s
2026-05-25T16:40:08.998Z 10.0.0.55 POST /api/admin 502 313
1779646411 192.168.1.100 PUT /api/products/5 200 2146ms
{"timestamp":"2026-05-25T18:06:15.735Z","ip":"192.168.1.100","method":"POST","path":"/api/products","status":200,"responseTime":755}
at java.lang.Thread.run(Thread.java:748)
at java.lang.Thread.run(Thread.java:748)
2026-05-25T00:27:34.731Z 10.0.0.7 DELETE /api/admin 301 2.352s
at java.lang.Thread.run(Thread.java:748)
2026-05-25T06:44:03.971Z 172.16.0.1 GET /api/logout 201 2617ms
2026/05/25 11:51:02 10.0.0.7 PUT /api/products/5 500 795
2026/05/25 12:17:32 172.16.0.1 PATCH /api/users 400 2112
2026/05/25 13:26:35 192.168.1.100 PATCH /api/orders 200 0.250s
2026-05-25T14:44:50.195Z 192.168.1.42 GET /health 401 2.978s
25-May-2026 21:32:45 192.168.1.42 GET /api/admin 500 2518ms
2026-05-25T00:07:42.628Z 192.168.1.42 GET /api/products 404 1451
2026-05-25T15:03:35.682Z 192.168.1.42 POST /api/products/5 502 1815ms
2026-05-25T10:40:36.943Z 10.0.0.7 DELETE /api/admin 401 1.455s
{"timestamp":"2026-05-25T18:06:15.735Z","ip":"192.168.1.100","method":"POST","path":"/health","status":502,"responseTime":1251}
2026/05/25 15:45:51 192.168.1.42 GET /api/products/5 301 0.241s
GET /api/users
2026-05-24T23:04:50.906Z 192.168.1.42 PUT /api/logout 403 0.411s
2026/05/24 22:06:56 192.168.1.100 GET /api/products/5 404 0.226s
2026/05/25 03:15:58 192.168.1.42 GET /api/admin 200 2.102s
at java.lang.Thread.run(Thread.java:748)
2026-05-24T21:07:24.251Z 192.168.1.42 POST /api/login 301 2421ms
1779666452 10.0.0.7 PUT /api/logout 403 707
25-May-2026 04:31:17 172.16.0.1 PUT /api/users/12 502 1745ms
2026/05/25 14:27:13 10.0.0.55 POST /api/logout 400 311
1779726211 10.0.0.55 PATCH /api/users/12 200 2952
2024-03-15 INCOMPLETE
2026/05/24 22:57:48 192.168.1.42 PUT /api/users/12 403 2888
1779732240 10.0.0.7 POST /api/products/5 400 0.695s
25-May-2026 00:00:30 10.0.0.55 PUT /health 301 2956
1779728636 10.0.0.55 PUT /api/users/12 200 2.622s
2026/05/25 17:00:50 10.0.0.7 GET /api/orders 201 313
25-May-2026 03:34:29 192.168.1.100 PUT /api/products/5 200 1089ms
2026/05/24 23:27:34 10.0.0.55 PUT /api/logout 200 1694ms
2026-05-25T07:06:02.464Z 10.0.0.7 DELETE /api/users 200 0.503s
25-May-2026 05:49:25 172.16.0.1 GET /api/users 400 2859
2026/05/25 09:48:46 192.168.1.100 GET /api/admin 301 2681ms
2026/05/25 02:59:07 10.0.0.7 PUT /health 200 768ms
25-May-2026 12:12:57 192.168.1.42 POST /api/users/12 400 2432
1779668188 10.0.0.55 GET /api/admin 200 794
2026/05/24 21:24:41 172.16.0.1 PATCH /api/login 200 1977
2026-05-25T12:08:53.469Z 172.16.0.1 POST /api/logout 201 2.176s
2026/05/25 17:28:14 192.168.1.42 DELETE /api/logout 403 1817
1779704550 192.168.1.100 PATCH /api/users/12 502 2605ms
2026/05/25 16:56:08 172.16.0.1 PATCH /api/users 400 962ms
24-May-2026 19:07:01 192.168.1.100 POST /health 401 1650
1779725518 192.168.1.42 PATCH /health 403 1.471s
25-May-2026 23:13:42 192.168.1.100 GET /api/users 401 820
25-May-2026 13:14:55 172.16.0.1 PATCH /health 301 0.181s
2026/05/25 15:38:24 192.168.1.100 POST /api/products/5 200 767
2026-05-24T18:41:21.656Z 192.168.1.42 DELETE /api/products/5 502 2397ms
{"timestamp":"2026-05-25T18:06:15.736Z","ip":"172.16.0.1","method":"PUT","path":"/api/products","status":500,"responseTime":135}
GET /api/users
25-May-2026 13:05:08 172.16.0.1 POST /api/products 404 2409ms
25-May-2026 11:44:16 192.168.1.42 PATCH /api/users/12 500 0.697s
2026/05/25 07:03:21 10.0.0.7 PATCH /api/users 502 2.433s
GET /api/users
2026-05-25T13:01:37.098Z 10.0.0.7 POST /api/orders 200 1102
1779703946 192.168.1.100 DELETE /api/products 502 1811
2026/05/25 01:01:19 192.168.1.42 GET /api/logout 200 62ms
2026/05/25 03:00:28 192.168.1.100 DELETE /api/users/12 404 1.981s
25-May-2026 16:17:41 192.168.1.42 DELETE /api/products 200 0.687s
2026-05-25T04:33:49.706Z 10.0.0.55 GET /api/products/5 200 2057ms
2026/05/25 02:26:06 192.168.1.100 PUT /api/users/12 500 1999ms
1779729316 192.168.1.100 POST /api/products 502 0.119s
25-May-2026 17:37:42 192.168.1.42 PATCH /api/orders 301 2353ms
2026/05/25 15:08:28 10.0.0.55 POST /api/products 301 2212ms
{"timestamp":"2026-05-25T18:06:15.737Z","ip":"192.168.1.42","method":"PATCH","path":"/health","status":404,"responseTime":373}
25-May-2026 01:37:50 172.16.0.1 DELETE /api/products/5 502 1231
2026-05-25T05:21:54.091Z 192.168.1.100 GET /api/products/5 502 895
1779658428 192.168.1.100 POST /api/users 400 1032ms
2026-05-24T23:21:02.639Z 192.168.1.42 PUT /api/products 301 227
1779660630 192.168.1.100 GET /api/users/12 404 951ms
2026/05/25 04:38:51 10.0.0.55 PATCH /health 500 2.999s

1779681737 10.0.0.7 DELETE /api/login 200 2.784s
1779722618 192.168.1.100 PUT /api/products/5 201 1517
2026-05-25T03:00:07.809Z 172.16.0.1 PATCH /api/users 401 1.558s
1779720176 192.168.1.42 PUT /api/users/12 400 1.374s
2026/05/25 08:59:53 192.168.1.42 GET /health 500 2.810s
1779730235 172.16.0.1 PUT /health 403 2958ms
2026-05-25T09:43:40.147Z 10.0.0.55 GET /api/admin 401 866ms
GET /api/users
25-May-2026 17:28:38 192.168.1.100 PUT /api/users 500 2379ms
25-May-2026 17:58:36 172.16.0.1 DELETE /api/products 404 883ms
24-May-2026 20:35:20 192.168.1.42 POST /api/orders 404 0.908s
25-May-2026 10:14:27 172.16.0.1 PUT /api/logout 200 1.259s
2026/05/25 11:10:21 192.168.1.100 POST /health 404 0.501s
2026-05-25T05:56:06.055Z 172.16.0.1 PUT /api/products 500 1.362s
25-May-2026 12:40:04 10.0.0.7 GET /api/orders 404 2.926s
2026/05/24 23:22:37 192.168.1.100 PUT /api/orders 502 2933
2026-05-25T02:07:08.421Z 192.168.1.100 PUT /health 500 0.210s
25-May-2026 07:53:59 192.168.1.100 PATCH /api/login 401 983ms
1779721947 10.0.0.55 PATCH /api/orders 502 1474ms